python : C:\Users\akbon\AppData\Local\Programs\Python\Python311\python.exe: can't open file 'C:\\Users\\akbon\\OneDrive\\Documents\\GitHub\\harmonic-field-consciousness\\test_3_prompts.py': [Errno 2] No such file or directory
At line:1 char:60
+ ... n ; source .venv/bin/activate ; python test_3_prompts.py 2>&1 | tee t ...
+                                     ~~~~~~~~~~~~~~~~~~~~~~~~~~~~~
    + CategoryInfo          : NotSpecified: (C:\Users\akbon\...le or directory:String) [], RemoteException
    + FullyQualifiedErrorId : NativeCommandError
 
